Copyright 1986-2022 Xilinx, Inc. All Rights Reserved.
--------------------------------------------------------------------------------------------------------------------------
| Tool Version      : Vivado v.2022.2 (lin64) Build 3671981 Fri Oct 14 04:59:54 MDT 2022
| Date              : Thu Oct  1 20:15:29 2026
| Host              : changhong-Dell-Pro-Max-Tower-T2-FCT2250 running 64-bit Ubuntu 22.04.5 LTS
| Command           : report_timing_summary -file <RL4EV>/Vivado_PRJ/MPCC/timing_impl.rpt
| Design            : system_wrapper
| Device            : xczu7ev-ffvc1156
| Speed File        : -2  PRODUCTION 1.30 05-15-2022
| Temperature Grade : E
--------------------------------------------------------------------------------------------------------------------------

Timing Summary Report

------------------------------------------------------------------------------------------------
| Timer Settings
| --------------
------------------------------------------------------------------------------------------------

  Enable Multi Corner Analysis               :  Yes
  Enable Pessimism Removal                   :  Yes
  Pessimism Removal Resolution               :  Nearest Common Node
  Enable Input Delay Default Clock           :  No
  Enable Preset / Clear Arcs                 :  No
  Disable Flight Delays                      :  No
  Ignore I/O Paths                           :  No
  Timing Early Launch at Borrowing Latches   :  No
  Borrow Time for Max Delay Exceptions       :  Yes
  Merge Timing Exceptions                    :  Yes

  Corner  Analyze    Analyze    
  Name    Max Paths  Min Paths  
  ------  ---------  ---------  
  Slow    Yes        Yes        
  Fast    Yes        Yes        


------------------------------------------------------------------------------------------------
| Report Methodology
| ------------------
------------------------------------------------------------------------------------------------

No report available as report_methodology has not been run prior. Run report_methodology on the current design for the summary of methodology violations.



check_timing report

Table of Contents
-----------------
1. checking no_clock (0)
2. checking constant_clock (0)
3. checking pulse_width_clock (0)
4. checking unconstrained_internal_endpoints (0)
5. checking no_input_delay (0)
6. checking no_output_delay (4)
7. checking multiple_clock (0)
8. checking generated_clocks (0)
9. checking loops (0)
10. checking partial_input_delay (0)
11. checking partial_output_delay (0)
12. checking latch_loops (0)

1. checking no_clock (0)
------------------------
 There are 0 register/latch pins with no clock.


2. checking constant_clock (0)
------------------------------
 There are 0 register/latch pins with constant_clock.


3. checking pulse_width_clock (0)
---------------------------------
 There are 0 register/latch pins which need pulse_width check


4. checking unconstrained_internal_endpoints (0)
------------------------------------------------
 There are 0 pins that are not constrained for maximum delay.

 There are 0 pins that are not constrained for maximum delay due to constant clock.


5. checking no_input_delay (0)
------------------------------
 There are 0 input ports with no input delay specified.

 There are 0 input ports with no input delay but user has a false path constraint.


6. checking no_output_delay (4)
-------------------------------
 There are 4 ports with no output delay specified. (HIGH)

 There are 0 ports with no output delay but user has a false path constraint

 There are 0 ports with no output delay but with a timing clock defined on it or propagating through it


7. checking multiple_clock (0)
------------------------------
 There are 0 register/latch pins with multiple clocks.


8. checking generated_clocks (0)
--------------------------------
 There are 0 generated clocks that are not connected to a clock source.


9. checking loops (0)
---------------------
 There are 0 combinational loops in the design.


10. checking partial_input_delay (0)
------------------------------------
 There are 0 input ports with partial input delay specified.


11. checking partial_output_delay (0)
-------------------------------------
 There are 0 ports with partial output delay specified.


12. checking latch_loops (0)
----------------------------
 There are 0 combinational latch loops in the design through latch input



------------------------------------------------------------------------------------------------
| Design Timing Summary
| ---------------------
------------------------------------------------------------------------------------------------

    WNS(ns)      TNS(ns)  TNS Failing Endpoints  TNS Total Endpoints      WHS(ns)      THS(ns)  THS Failing Endpoints  THS Total Endpoints     WPWS(ns)     TPWS(ns)  TPWS Failing Endpoints  TPWS Total Endpoints  
    -------      -------  ---------------------  -------------------      -------      -------  ---------------------  -------------------     --------     --------  ----------------------  --------------------  
      3.697        0.000                      0                17252        0.010        0.000                      0                17252        3.500        0.000                       0                  7735  


All user specified timing constraints are met.


------------------------------------------------------------------------------------------------
| Clock Summary
| -------------
------------------------------------------------------------------------------------------------

Clock     Waveform(ns)       Period(ns)      Frequency(MHz)
-----     ------------       ----------      --------------
clk_pl_0  {0.000 5.000}      10.000          100.000         


------------------------------------------------------------------------------------------------
| Intra Clock Table
| -----------------
------------------------------------------------------------------------------------------------

Clock             WNS(ns)      TNS(ns)  TNS Failing Endpoints  TNS Total Endpoints      WHS(ns)      THS(ns)  THS Failing Endpoints  THS Total Endpoints     WPWS(ns)     TPWS(ns)  TPWS Failing Endpoints  TPWS Total Endpoints  
-----             -------      -------  ---------------------  -------------------      -------      -------  ---------------------  -------------------     --------     --------  ----------------------  --------------------  
clk_pl_0            3.697        0.000                      0                17252        0.010        0.000                      0                17252        3.500        0.000                       0                  7735  


------------------------------------------------------------------------------------------------
| Inter Clock Table
| -----------------
------------------------------------------------------------------------------------------------

From Clock    To Clock          WNS(ns)      TNS(ns)  TNS Failing Endpoints  TNS Total Endpoints      WHS(ns)      THS(ns)  THS Failing Endpoints  THS Total Endpoints  
----------    --------          -------      -------  ---------------------  -------------------      -------      -------  ---------------------  -------------------  


------------------------------------------------------------------------------------------------
| Other Path Groups Table
| -----------------------
------------------------------------------------------------------------------------------------

Path Group    From Clock    To Clock          WNS(ns)      TNS(ns)  TNS Failing Endpoints  TNS Total Endpoints      WHS(ns)      THS(ns)  THS Failing Endpoints  THS Total Endpoints  
----------    ----------    --------          -------      -------  ---------------------  -------------------      -------      -------  ---------------------  -------------------  


------------------------------------------------------------------------------------------------
| Timing Details
| --------------
------------------------------------------------------------------------------------------------


---------------------------------------------------------------------------------------------------
From Clock:  clk_pl_0
  To Clock:  clk_pl_0

Setup :            0  Failing Endpoints,  Worst Slack        3.697ns,  Total Violation        0.000ns
Hold  :            0  Failing Endpoints,  Worst Slack        0.010ns,  Total Violation        0.000ns
PW    :            0  Failing Endpoints,  Worst Slack        3.500ns,  Total Violation        0.000ns
---------------------------------------------------------------------------------------------------


Max Delay Paths
--------------------------------------------------------------------------------------
Slack (MET) :             3.697ns  (required time - arrival time)
  Source:                 system_i/mpcc_hls_0/inst/grp_sin_or_cos_float_s_fu_279/p_Result_17_reg_1226_reg[2]/C
                            (rising edge-triggered cell FDRE clocked by clk_pl_0  {rise@0.000ns fall@5.000ns period=10.000ns})
  Destination:            system_i/mpcc_hls_0/inst/grp_sin_or_cos_float_s_fu_279/Mx_zeros_reg_1262_reg[0]/D
                            (rising edge-triggered cell FDRE clocked by clk_pl_0  {rise@0.000ns fall@5.000ns period=10.000ns})
  Path Group:             clk_pl_0
  Path Type:              Setup (Max at Slow Process Corner)
  Requirement:            10.000ns  (clk_pl_0 rise@10.000ns - clk_pl_0 rise@0.000ns)
  Data Path Delay:        6.092ns  (logic 3.589ns (58.910%)  route 2.503ns (41.090%))
  Logic Levels:           23  (CARRY8=5 DSP_A_B_DATA=1 DSP_ALU=2 DSP_M_DATA=1 DSP_MULTIPLIER=1 DSP_OUTPUT=2 DSP_PREADD_DATA=1 LUT1=1 LUT2=1 LUT4=1 LUT6=7)
  Clock Path Skew:        -0.106ns (DCD - SCD + CPR)
    Destination Clock Delay (DCD):    1.741ns = ( 11.741 - 10.000 ) 
    Source Clock Delay      (SCD):    2.015ns
    Clock Pessimism Removal (CPR):    0.168ns
  Clock Uncertainty:      0.130ns  ((TSJ^2 + DJ^2)^1/2) / 2 + PE
    Total System Jitter     (TSJ):    0.071ns
    Discrete Jitter          (DJ):    0.250ns
    Phase Error              (PE):    0.000ns
  Clock Net Delay (Source):      1.807ns (routing 0.569ns, distribution 1.238ns)
  Clock Net Delay (Destination): 1.573ns (routing 0.512ns, distribution 1.061ns)

    Location             Delay type                Incr(ns)  Path(ns)    Netlist Resource(s)
  -------------------------------------------------------------------    -------------------
                         (clock clk_pl_0 rise edge)
                                                      0.000     0.000 r  
    PS8_X0Y0             PS8                          0.000     0.000 r  system_i/zynq_ultra_ps_e_0/inst/PS8_i/PLCLK[0]
                         net (fo=1, routed)           0.180     0.180    system_i/zynq_ultra_ps_e_0/inst/pl_clk_unbuffered[0]
    BUFG_PS_X0Y80        BUFG_PS (Prop_BUFG_PS_I_O)
                                                      0.028     0.208 r  system_i/zynq_ultra_ps_e_0/inst/buffer_pl_clk_0.PL_CLK_0_BUFG/O
    X1Y2 (CLOCK_ROOT)    net (fo=7978, routed)        1.807     2.015    system_i/mpcc_hls_0/inst/grp_sin_or_cos_float_s_fu_279/ap_clk
    SLICE_X54Y23         FDRE                                         r  system_i/mpcc_hls_0/inst/grp_sin_or_cos_float_s_fu_279/p_Result_17_reg_1226_reg[2]/C
  -------------------------------------------------------------------    -------------------
    SLICE_X54Y23         FDRE (Prop_FFF2_SLICEM_C_Q)
                                                      0.079     2.094 f  system_i/mpcc_hls_0/inst/grp_sin_or_cos_float_s_fu_279/p_Result_17_reg_1226_reg[2]/Q
                         net (fo=5, routed)           0.500     2.594    system_i/mpcc_hls_0/inst/grp_sin_or_cos_float_s_fu_279/mul_80s_24ns_80_1_1_U12/dout__2/A[2]
    DSP48E2_X4Y4         DSP_A_B_DATA (Prop_DSP_A_B_DATA_DSP48E2_A[2]_A2_DATA[2])
                                                      0.192     2.786 r  system_i/mpcc_hls_0/inst/grp_sin_or_cos_float_s_fu_279/mul_80s_24ns_80_1_1_U12/dout__2/DSP_A_B_DATA_INST/A2_DATA[2]
                         net (fo=1, routed)           0.000     2.786    system_i/mpcc_hls_0/inst/grp_sin_or_cos_float_s_fu_279/mul_80s_24ns_80_1_1_U12/dout__2/DSP_A_B_DATA.A2_DATA<2>
    DSP48E2_X4Y4         DSP_PREADD_DATA (Prop_DSP_PREADD_DATA_DSP48E2_A2_DATA[2]_A2A1[2])
                                                      0.076     2.862 r  system_i/mpcc_hls_0/inst/grp_sin_or_cos_float_s_fu_279/mul_80s_24ns_80_1_1_U12/dout__2/DSP_PREADD_DATA_INST/A2A1[2]
                         net (fo=1, routed)           0.000     2.862    system_i/mpcc_hls_0/inst/grp_sin_or_cos_float_s_fu_279/mul_80s_24ns_80_1_1_U12/dout__2/DSP_PREADD_DATA.A2A1<2>
    DSP48E2_X4Y4         DSP_MULTIPLIER (Prop_DSP_MULTIPLIER_DSP48E2_A2A1[2]_U[23])
                                                      0.505     3.367 f  system_i/mpcc_hls_0/inst/grp_sin_or_cos_float_s_fu_279/mul_80s_24ns_80_1_1_U12/dout__2/DSP_MULTIPLIER_INST/U[23]
                         net (fo=1, routed)           0.000     3.367    system_i/mpcc_hls_0/inst/grp_sin_or_cos_float_s_fu_279/mul_80s_24ns_80_1_1_U12/dout__2/DSP_MULTIPLIER.U<23>
    DSP48E2_X4Y4         DSP_M_DATA (Prop_DSP_M_DATA_DSP48E2_U[23]_U_DATA[23])
                                                      0.047     3.414 r  system_i/mpcc_hls_0/inst/grp_sin_or_cos_float_s_fu_279/mul_80s_24ns_80_1_1_U12/dout__2/DSP_M_DATA_INST/U_DATA[23]
                         net (fo=1, routed)           0.000     3.414    system_i/mpcc_hls_0/inst/grp_sin_or_cos_float_s_fu_279/mul_80s_24ns_80_1_1_U12/dout__2/DSP_M_DATA.U_DATA<23>
    DSP48E2_X4Y4         DSP_ALU (Prop_DSP_ALU_DSP48E2_U_DATA[23]_ALU_OUT[47])
                                                      0.585     3.999 f  system_i/mpcc_hls_0/inst/grp_sin_or_cos_float_s_fu_279/mul_80s_24ns_80_1_1_U12/dout__2/DSP_ALU_INST/ALU_OUT[47]
                         net (fo=1, routed)           0.000     3.999    system_i/mpcc_hls_0/inst/grp_sin_or_cos_float_s_fu_279/mul_80s_24ns_80_1_1_U12/dout__2/DSP_ALU.ALU_OUT<47>
    DSP48E2_X4Y4         DSP_OUTPUT (Prop_DSP_OUTPUT_DSP48E2_ALU_OUT[47]_PCOUT[47])
                                                      0.122     4.121 r  system_i/mpcc_hls_0/inst/grp_sin_or_cos_float_s_fu_279/mul_80s_24ns_80_1_1_U12/dout__2/DSP_OUTPUT_INST/PCOUT[47]
                         net (fo=1, routed)           0.014     4.135    system_i/mpcc_hls_0/inst/grp_sin_or_cos_float_s_fu_279/mul_80s_24ns_80_1_1_U12/dout__3/PCIN[47]
    DSP48E2_X4Y5         DSP_ALU (Prop_DSP_ALU_DSP48E2_PCIN[47]_ALU_OUT[31])
                                                      0.546     4.681 f  system_i/mpcc_hls_0/inst/grp_sin_or_cos_float_s_fu_279/mul_80s_24ns_80_1_1_U12/dout__3/DSP_ALU_INST/ALU_OUT[31]
                         net (fo=1, routed)           0.000     4.681    system_i/mpcc_hls_0/inst/grp_sin_or_cos_float_s_fu_279/mul_80s_24ns_80_1_1_U12/dout__3/DSP_ALU.ALU_OUT<31>
    DSP48E2_X4Y5         DSP_OUTPUT (Prop_DSP_OUTPUT_DSP48E2_ALU_OUT[31]_P[31])
                                                      0.109     4.790 r  system_i/mpcc_hls_0/inst/grp_sin_or_cos_float_s_fu_279/mul_80s_24ns_80_1_1_U12/dout__3/DSP_OUTPUT_INST/P[31]
                         net (fo=2, routed)           0.371     5.161    system_i/mpcc_hls_0/inst/grp_sin_or_cos_float_s_fu_279/mul_80s_24ns_80_1_1_U12/dout__3_n_74
    SLICE_X53Y13         LUT2 (Prop_H6LUT_SLICEM_I0_O)
                                                      0.039     5.200 r  system_i/mpcc_hls_0/inst/grp_sin_or_cos_float_s_fu_279/mul_80s_24ns_80_1_1_U12/dout_carry__0_i_1/O
                         net (fo=1, routed)           0.015     5.215    system_i/mpcc_hls_0/inst/grp_sin_or_cos_float_s_fu_279/mul_80s_24ns_80_1_1_U12/dout_carry__0_i_1_n_0
    SLICE_X53Y13         CARRY8 (Prop_CARRY8_SLICEM_S[7]_CO[7])
                                                      0.117     5.332 r  system_i/mpcc_hls_0/inst/grp_sin_or_cos_float_s_fu_279/mul_80s_24ns_80_1_1_U12/dout_carry__0/CO[7]
                         net (fo=1, routed)           0.026     5.358    system_i/mpcc_hls_0/inst/grp_sin_or_cos_float_s_fu_279/mul_80s_24ns_80_1_1_U12/dout_carry__0_n_0
    SLICE_X53Y14         CARRY8 (Prop_CARRY8_SLICEM_CI_CO[7])
                                                      0.015     5.373 r  system_i/mpcc_hls_0/inst/grp_sin_or_cos_float_s_fu_279/mul_80s_24ns_80_1_1_U12/dout_carry__1/CO[7]
                         net (fo=1, routed)           0.026     5.399    system_i/mpcc_hls_0/inst/grp_sin_or_cos_float_s_fu_279/mul_80s_24ns_80_1_1_U12/dout_carry__1_n_0
    SLICE_X53Y15         CARRY8 (Prop_CARRY8_SLICEM_CI_O[4])
                                                      0.086     5.485 f  system_i/mpcc_hls_0/inst/grp_sin_or_cos_float_s_fu_279/mul_80s_24ns_80_1_1_U12/dout_carry__2/O[4]
                         net (fo=5, routed)           0.245     5.730    system_i/mpcc_hls_0/inst/grp_sin_or_cos_float_s_fu_279/mul_80s_24ns_80_1_1_U12/ret_V_fu_392_p2__0[61]
    SLICE_X52Y14         LUT1 (Prop_B6LUT_SLICEL_I0_O)
                                                      0.124     5.854 r  system_i/mpcc_hls_0/inst/grp_sin_or_cos_float_s_fu_279/mul_80s_24ns_80_1_1_U12/Mx_bits_V_3_reg_1257[48]_i_9/O
                         net (fo=1, routed)           0.009     5.863    system_i/mpcc_hls_0/inst/grp_sin_or_cos_float_s_fu_279/mul_80s_24ns_80_1_1_U12/Mx_bits_V_3_reg_1257[48]_i_9_n_0
    SLICE_X52Y14         CARRY8 (Prop_CARRY8_SLICEL_S[1]_CO[7])
                                                      0.186     6.049 r  system_i/mpcc_hls_0/inst/grp_sin_or_cos_float_s_fu_279/mul_80s_24ns_80_1_1_U12/Mx_bits_V_3_reg_1257_reg[48]_i_2/CO[7]
                         net (fo=1, routed)           0.026     6.075    system_i/mpcc_hls_0/inst/grp_sin_or_cos_float_s_fu_279/mul_80s_24ns_80_1_1_U12/Mx_bits_V_3_reg_1257_reg[48]_i_2_n_0
    SLICE_X52Y15         CARRY8 (Prop_CARRY8_SLICEL_CI_O[7])
                                                      0.116     6.191 r  system_i/mpcc_hls_0/inst/grp_sin_or_cos_float_s_fu_279/mul_80s_24ns_80_1_1_U12/Mx_bits_V_3_reg_1257_reg[56]_i_2/O[7]
                         net (fo=3, routed)           0.250     6.440    system_i/mpcc_hls_0/inst/grp_sin_or_cos_float_s_fu_279/mul_80s_24ns_80_1_1_U12/Mx_bits_V_1_fu_436_p2[56]
    SLICE_X54Y13         LUT4 (Prop_D6LUT_SLICEM_I0_O)
                                                      0.145     6.585 r  system_i/mpcc_hls_0/inst/grp_sin_or_cos_float_s_fu_279/mul_80s_24ns_80_1_1_U12/Mx_bits_V_3_reg_1257[56]_i_1/O
                         net (fo=3, routed)           0.145     6.731    system_i/mpcc_hls_0/inst/grp_sin_or_cos_float_s_fu_279/mul_80s_24ns_80_1_1_U12/D[56]
    SLICE_X54Y16         LUT6 (Prop_G6LUT_SLICEM_I0_O)
                                                      0.123     6.854 r  system_i/mpcc_hls_0/inst/grp_sin_or_cos_float_s_fu_279/mul_80s_24ns_80_1_1_U12/Mx_zeros_reg_1262[0]_i_13/O
                         net (fo=2, routed)           0.169     7.023    system_i/mpcc_hls_0/inst/grp_sin_or_cos_float_s_fu_279/mul_80s_24ns_80_1_1_U12/Mx_zeros_reg_1262[0]_i_13_n_0
    SLICE_X52Y16         LUT6 (Prop_F6LUT_SLICEL_I0_O)
                                                      0.049     7.072 r  system_i/mpcc_hls_0/inst/grp_sin_or_cos_float_s_fu_279/mul_80s_24ns_80_1_1_U12/Mx_zeros_reg_1262[0]_i_14/O
                         net (fo=2, routed)           0.184     7.256    system_i/mpcc_hls_0/inst/grp_sin_or_cos_float_s_fu_279/mul_80s_24ns_80_1_1_U12/Mx_zeros_reg_1262[0]_i_14_n_0
    SLICE_X50Y16         LUT6 (Prop_H6LUT_SLICEM_I0_O)
                                                      0.039     7.295 r  system_i/mpcc_hls_0/inst/grp_sin_or_cos_float_s_fu_279/mul_80s_24ns_80_1_1_U12/Mx_zeros_reg_1262[0]_i_12/O
                         net (fo=2, routed)           0.136     7.431    system_i/mpcc_hls_0/inst/grp_sin_or_cos_float_s_fu_279/mul_80s_24ns_80_1_1_U12/Mx_zeros_reg_1262[0]_i_12_n_0
    SLICE_X51Y14         LUT6 (Prop_G6LUT_SLICEL_I0_O)
                                                      0.050     7.481 r  system_i/mpcc_hls_0/inst/grp_sin_or_cos_float_s_fu_279/mul_80s_24ns_80_1_1_U12/Mx_zeros_reg_1262[0]_i_9/O
                         net (fo=2, routed)           0.097     7.578    system_i/mpcc_hls_0/inst/grp_sin_or_cos_float_s_fu_279/mul_80s_24ns_80_1_1_U12/Mx_zeros_reg_1262[0]_i_9_n_0
    SLICE_X50Y14         LUT6 (Prop_H6LUT_SLICEM_I4_O)
                                                      0.053     7.631 f  system_i/mpcc_hls_0/inst/grp_sin_or_cos_float_s_fu_279/mul_80s_24ns_80_1_1_U12/Mx_zeros_reg_1262[0]_i_7/O
                         net (fo=1, routed)           0.105     7.736    system_i/mpcc_hls_0/inst/grp_sin_or_cos_float_s_fu_279/mul_80s_24ns_80_1_1_U12/Mx_zeros_reg_1262[0]_i_7_n_0
    SLICE_X51Y15         LUT6 (Prop_H6LUT_SLICEL_I4_O)
                                                      0.150     7.886 f  system_i/mpcc_hls_0/inst/grp_sin_or_cos_float_s_fu_279/mul_80s_24ns_80_1_1_U12/Mx_zeros_reg_1262[0]_i_3/O
                         net (fo=1, routed)           0.134     8.020    system_i/mpcc_hls_0/inst/grp_sin_or_cos_float_s_fu_279/mul_80s_24ns_80_1_1_U12/Mx_zeros_reg_1262[0]_i_3_n_0
    SLICE_X51Y12         LUT6 (Prop_H6LUT_SLICEL_I1_O)
                                                      0.036     8.056 r  system_i/mpcc_hls_0/inst/grp_sin_or_cos_float_s_fu_279/mul_80s_24ns_80_1_1_U12/Mx_zeros_reg_1262[0]_i_1/O
                         net (fo=1, routed)           0.051     8.107    system_i/mpcc_hls_0/inst/grp_sin_or_cos_float_s_fu_279/mul_80s_24ns_80_1_1_U12_n_65
    SLICE_X51Y12         FDRE                                         r  system_i/mpcc_hls_0/inst/grp_sin_or_cos_float_s_fu_279/Mx_zeros_reg_1262_reg[0]/D
  -------------------------------------------------------------------    -------------------

                         (clock clk_pl_0 rise edge)
                                                     10.000    10.000 r  
    PS8_X0Y0             PS8                          0.000    10.000 r  system_i/zynq_ultra_ps_e_0/inst/PS8_i/PLCLK[0]
                         net (fo=1, routed)           0.143    10.143    system_i/zynq_ultra_ps_e_0/inst/pl_clk_unbuffered[0]
    BUFG_PS_X0Y80        BUFG_PS (Prop_BUFG_PS_I_O)
                                                      0.025    10.168 r  system_i/zynq_ultra_ps_e_0/inst/buffer_pl_clk_0.PL_CLK_0_BUFG/O
    X1Y2 (CLOCK_ROOT)    net (fo=7978, routed)        1.573    11.741    system_i/mpcc_hls_0/inst/grp_sin_or_cos_float_s_fu_279/ap_clk
    SLICE_X51Y12         FDRE                                         r  system_i/mpcc_hls_0/inst/grp_sin_or_cos_float_s_fu_279/Mx_zeros_reg_1262_reg[0]/C
                         clock pessimism              0.168    11.909    
                         clock uncertainty           -0.130    11.779    
    SLICE_X51Y12         FDRE (Setup_HFF_SLICEL_C_D)
                                                      0.025    11.804    system_i/mpcc_hls_0/inst/grp_sin_or_cos_float_s_fu_279/Mx_zeros_reg_1262_reg[0]
  -------------------------------------------------------------------
                         required time                         11.804    
                         arrival time                          -8.107    
  -------------------------------------------------------------------
                         slack                                  3.697    





Min Delay Paths
--------------------------------------------------------------------------------------
Slack (MET) :             0.010ns  (arrival time - required time)
  Source:                 system_i/axi_smc/inst/s01_entry_pipeline/s01_mmu/inst/aw_reg_stall/m_vector_i_reg[1044]/C
                            (rising edge-triggered cell FDRE clocked by clk_pl_0  {rise@0.000ns fall@5.000ns period=10.000ns})
  Destination:            system_i/axi_smc/inst/s01_entry_pipeline/s01_mmu/inst/gen_endpoint.decerr_slave_inst/gen_axi.gen_write.s_axi_bid_i_reg[15]/D
                            (rising edge-triggered cell FDRE clocked by clk_pl_0  {rise@0.000ns fall@5.000ns period=10.000ns})
  Path Group:             clk_pl_0
  Path Type:              Hold (Min at Slow Process Corner)
  Requirement:            0.000ns  (clk_pl_0 rise@0.000ns - clk_pl_0 rise@0.000ns)
  Data Path Delay:        0.134ns  (logic 0.058ns (43.237%)  route 0.076ns (56.763%))
  Logic Levels:           0  
  Clock Path Skew:        0.062ns (DCD - SCD - CPR)
    Destination Clock Delay (DCD):    1.960ns
    Source Clock Delay      (SCD):    1.691ns
    Clock Pessimism Removal (CPR):    0.207ns
  Clock Net Delay (Source):      1.523ns (routing 0.512ns, distribution 1.011ns)
  Clock Net Delay (Destination): 1.752ns (routing 0.569ns, distribution 1.183ns)

    Location             Delay type                Incr(ns)  Path(ns)    Netlist Resource(s)
  -------------------------------------------------------------------    -------------------
                         (clock clk_pl_0 rise edge)
                                                      0.000     0.000 r  
    PS8_X0Y0             PS8                          0.000     0.000 r  system_i/zynq_ultra_ps_e_0/inst/PS8_i/PLCLK[0]
                         net (fo=1, routed)           0.143     0.143    system_i/zynq_ultra_ps_e_0/inst/pl_clk_unbuffered[0]
    BUFG_PS_X0Y80        BUFG_PS (Prop_BUFG_PS_I_O)
                                                      0.025     0.168 r  system_i/zynq_ultra_ps_e_0/inst/buffer_pl_clk_0.PL_CLK_0_BUFG/O
    X1Y2 (CLOCK_ROOT)    net (fo=7978, routed)        1.523     1.691    system_i/axi_smc/inst/s01_entry_pipeline/s01_mmu/inst/aw_reg_stall/aclk
    SLICE_X51Y146        FDRE                                         r  system_i/axi_smc/inst/s01_entry_pipeline/s01_mmu/inst/aw_reg_stall/m_vector_i_reg[1044]/C
  -------------------------------------------------------------------    -------------------
    SLICE_X51Y146        FDRE (Prop_CFF_SLICEL_C_Q)
                                                      0.058     1.749 r  system_i/axi_smc/inst/s01_entry_pipeline/s01_mmu/inst/aw_reg_stall/m_vector_i_reg[1044]/Q
                         net (fo=2, routed)           0.076     1.825    system_i/axi_smc/inst/s01_entry_pipeline/s01_mmu/inst/gen_endpoint.decerr_slave_inst/m_axi_awid[15]
    SLICE_X51Y143        FDRE                                         r  system_i/axi_smc/inst/s01_entry_pipeline/s01_mmu/inst/gen_endpoint.decerr_slave_inst/gen_axi.gen_write.s_axi_bid_i_reg[15]/D
  -------------------------------------------------------------------    -------------------

                         (clock clk_pl_0 rise edge)
                                                      0.000     0.000 r  
    PS8_X0Y0             PS8                          0.000     0.000 r  system_i/zynq_ultra_ps_e_0/inst/PS8_i/PLCLK[0]
                         net (fo=1, routed)           0.180     0.180    system_i/zynq_ultra_ps_e_0/inst/pl_clk_unbuffered[0]
    BUFG_PS_X0Y80        BUFG_PS (Prop_BUFG_PS_I_O)
                                                      0.028     0.208 r  system_i/zynq_ultra_ps_e_0/inst/buffer_pl_clk_0.PL_CLK_0_BUFG/O
    X1Y2 (CLOCK_ROOT)    net (fo=7978, routed)        1.752     1.960    system_i/axi_smc/inst/s01_entry_pipeline/s01_mmu/inst/gen_endpoint.decerr_slave_inst/aclk
    SLICE_X51Y143        FDRE                                         r  system_i/axi_smc/inst/s01_entry_pipeline/s01_mmu/inst/gen_endpoint.decerr_slave_inst/gen_axi.gen_write.s_axi_bid_i_reg[15]/C
                         clock pessimism             -0.207     1.753    
    SLICE_X51Y143        FDRE (Hold_HFF2_SLICEL_C_D)
                                                      0.062     1.815    system_i/axi_smc/inst/s01_entry_pipeline/s01_mmu/inst/gen_endpoint.decerr_slave_inst/gen_axi.gen_write.s_axi_bid_i_reg[15]
  -------------------------------------------------------------------
                         required time                         -1.815    
                         arrival time                           1.825    
  -------------------------------------------------------------------
                         slack                                  0.010    





Pulse Width Checks
--------------------------------------------------------------------------------------
Clock Name:         clk_pl_0
Waveform(ns):       { 0.000 5.000 }
Period(ns):         10.000
Sources:            { system_i/zynq_ultra_ps_e_0/inst/PS8_i/PLCLK[0] }

Check Type        Corner  Lib Pin          Reference Pin  Required(ns)  Actual(ns)  Slack(ns)  Location  Pin
Min Period        n/a     PS8/MAXIGP0ACLK  n/a            3.000         10.000      7.000      PS8_X0Y0  system_i/zynq_ultra_ps_e_0/inst/PS8_i/MAXIGP0ACLK
Low Pulse Width   Slow    PS8/MAXIGP0ACLK  n/a            1.500         5.000       3.500      PS8_X0Y0  system_i/zynq_ultra_ps_e_0/inst/PS8_i/MAXIGP0ACLK
High Pulse Width  Slow    PS8/MAXIGP0ACLK  n/a            1.500         5.000       3.500      PS8_X0Y0  system_i/zynq_ultra_ps_e_0/inst/PS8_i/MAXIGP0ACLK



