Copyright 1986-2022 Xilinx, Inc. All Rights Reserved.
----------------------------------------------------------------------------------------------------------------------------
| Tool Version      : Vivado v.2022.2 (lin64) Build 3671981 Fri Oct 14 04:59:54 MDT 2022
| Date              : Thu Oct  1 20:29:00 2026
| Host              : changhong-Dell-Pro-Max-Tower-T2-FCT2250 running 64-bit Ubuntu 22.04.5 LTS
| Command           : report_timing_summary -file <RL4EV>/Vivado_PRJ/MPCC_R/timing_impl.rpt
| Design            : system_wrapper
| Device            : xczu7ev-ffvc1156
| Speed File        : -2  PRODUCTION 1.30 05-15-2022
| Temperature Grade : E
----------------------------------------------------------------------------------------------------------------------------

Timing Summary Report

------------------------------------------------------------------------------------------------
| Timer Settings
| --------------
------------------------------------------------------------------------------------------------

  Enable Multi Corner Analysis               :  Yes
  Enable Pessimism Removal                   :  Yes
  Pessimism Removal Resolution               :  Nearest Common Node
  Enable Input Delay Default Clock           :  No
  Enable Preset / Clear Arcs                 :  No
  Disable Flight Delays                      :  No
  Ignore I/O Paths                           :  No
  Timing Early Launch at Borrowing Latches   :  No
  Borrow Time for Max Delay Exceptions       :  Yes
  Merge Timing Exceptions                    :  Yes

  Corner  Analyze    Analyze    
  Name    Max Paths  Min Paths  
  ------  ---------  ---------  
  Slow    Yes        Yes        
  Fast    Yes        Yes        


------------------------------------------------------------------------------------------------
| Report Methodology
| ------------------
------------------------------------------------------------------------------------------------

No report available as report_methodology has not been run prior. Run report_methodology on the current design for the summary of methodology violations.



check_timing report

Table of Contents
-----------------
1. checking no_clock (0)
2. checking constant_clock (0)
3. checking pulse_width_clock (0)
4. checking unconstrained_internal_endpoints (0)
5. checking no_input_delay (0)
6. checking no_output_delay (4)
7. checking multiple_clock (0)
8. checking generated_clocks (0)
9. checking loops (0)
10. checking partial_input_delay (0)
11. checking partial_output_delay (0)
12. checking latch_loops (0)

1. checking no_clock (0)
------------------------
 There are 0 register/latch pins with no clock.


2. checking constant_clock (0)
------------------------------
 There are 0 register/latch pins with constant_clock.


3. checking pulse_width_clock (0)
---------------------------------
 There are 0 register/latch pins which need pulse_width check


4. checking unconstrained_internal_endpoints (0)
------------------------------------------------
 There are 0 pins that are not constrained for maximum delay.

 There are 0 pins that are not constrained for maximum delay due to constant clock.


5. checking no_input_delay (0)
------------------------------
 There are 0 input ports with no input delay specified.

 There are 0 input ports with no input delay but user has a false path constraint.


6. checking no_output_delay (4)
-------------------------------
 There are 4 ports with no output delay specified. (HIGH)

 There are 0 ports with no output delay but user has a false path constraint

 There are 0 ports with no output delay but with a timing clock defined on it or propagating through it


7. checking multiple_clock (0)
------------------------------
 There are 0 register/latch pins with multiple clocks.


8. checking generated_clocks (0)
--------------------------------
 There are 0 generated clocks that are not connected to a clock source.


9. checking loops (0)
---------------------
 There are 0 combinational loops in the design.


10. checking partial_input_delay (0)
------------------------------------
 There are 0 input ports with partial input delay specified.


11. checking partial_output_delay (0)
-------------------------------------
 There are 0 ports with partial output delay specified.


12. checking latch_loops (0)
----------------------------
 There are 0 combinational latch loops in the design through latch input



------------------------------------------------------------------------------------------------
| Design Timing Summary
| ---------------------
------------------------------------------------------------------------------------------------

    WNS(ns)      TNS(ns)  TNS Failing Endpoints  TNS Total Endpoints      WHS(ns)      THS(ns)  THS Failing Endpoints  THS Total Endpoints     WPWS(ns)     TPWS(ns)  TPWS Failing Endpoints  TPWS Total Endpoints  
    -------      -------  ---------------------  -------------------      -------      -------  ---------------------  -------------------     --------     --------  ----------------------  --------------------  
      2.958        0.000                      0               264919        0.009        0.000                      0               264919        3.500        0.000                       0                 72951  


All user specified timing constraints are met.


------------------------------------------------------------------------------------------------
| Clock Summary
| -------------
------------------------------------------------------------------------------------------------

Clock     Waveform(ns)       Period(ns)      Frequency(MHz)
-----     ------------       ----------      --------------
clk_pl_0  {0.000 5.000}      10.000          100.000         


------------------------------------------------------------------------------------------------
| Intra Clock Table
| -----------------
------------------------------------------------------------------------------------------------

Clock             WNS(ns)      TNS(ns)  TNS Failing Endpoints  TNS Total Endpoints      WHS(ns)      THS(ns)  THS Failing Endpoints  THS Total Endpoints     WPWS(ns)     TPWS(ns)  TPWS Failing Endpoints  TPWS Total Endpoints  
-----             -------      -------  ---------------------  -------------------      -------      -------  ---------------------  -------------------     --------     --------  ----------------------  --------------------  
clk_pl_0            2.958        0.000                      0               264919        0.009        0.000                      0               264919        3.500        0.000                       0                 72951  


------------------------------------------------------------------------------------------------
| Inter Clock Table
| -----------------
------------------------------------------------------------------------------------------------

From Clock    To Clock          WNS(ns)      TNS(ns)  TNS Failing Endpoints  TNS Total Endpoints      WHS(ns)      THS(ns)  THS Failing Endpoints  THS Total Endpoints  
----------    --------          -------      -------  ---------------------  -------------------      -------      -------  ---------------------  -------------------  


------------------------------------------------------------------------------------------------
| Other Path Groups Table
| -----------------------
------------------------------------------------------------------------------------------------

Path Group    From Clock    To Clock          WNS(ns)      TNS(ns)  TNS Failing Endpoints  TNS Total Endpoints      WHS(ns)      THS(ns)  THS Failing Endpoints  THS Total Endpoints  
----------    ----------    --------          -------      -------  ---------------------  -------------------      -------      -------  ---------------------  -------------------  


------------------------------------------------------------------------------------------------
| Timing Details
| --------------
------------------------------------------------------------------------------------------------


---------------------------------------------------------------------------------------------------
From Clock:  clk_pl_0
  To Clock:  clk_pl_0

Setup :            0  Failing Endpoints,  Worst Slack        2.958ns,  Total Violation        0.000ns
Hold  :            0  Failing Endpoints,  Worst Slack        0.009ns,  Total Violation        0.000ns
PW    :            0  Failing Endpoints,  Worst Slack        3.500ns,  Total Violation        0.000ns
---------------------------------------------------------------------------------------------------


Max Delay Paths
--------------------------------------------------------------------------------------
Slack (MET) :             2.958ns  (required time - arrival time)
  Source:                 system_i/harmonic_estimator_axi_0/inst/grp_harmonic_estimator_fu_497/grp_dense_resource_rf_leq_nin_ap_ufixed_ap_fixed_12_6_5_3_0_config7_s_fu_964/w_index1_reg_860_reg[2]/C
                            (rising edge-triggered cell FDRE clocked by clk_pl_0  {rise@0.000ns fall@5.000ns period=10.000ns})
  Destination:            system_i/harmonic_estimator_axi_0/inst/grp_harmonic_estimator_fu_497/grp_dense_resource_rf_leq_nin_ap_ufixed_ap_fixed_12_6_5_3_0_config7_s_fu_964/mac_muladd_7s_7ns_17s_17_4_1_U305/harmonic_estimator_axi_mac_muladd_7s_7ns_17s_17_4_1_DSP48_2_U/p_reg_reg/DSP_A_B_DATA_INST/A[3]
                            (rising edge-triggered cell DSP_A_B_DATA clocked by clk_pl_0  {rise@0.000ns fall@5.000ns period=10.000ns})
  Path Group:             clk_pl_0
  Path Type:              Setup (Max at Slow Process Corner)
  Requirement:            10.000ns  (clk_pl_0 rise@10.000ns - clk_pl_0 rise@0.000ns)
  Data Path Delay:        6.588ns  (logic 0.305ns (4.630%)  route 6.283ns (95.370%))
  Logic Levels:           3  (LUT6=1 MUXF7=1 MUXF8=1)
  Clock Path Skew:        -0.068ns (DCD - SCD + CPR)
    Destination Clock Delay (DCD):    1.944ns = ( 11.944 - 10.000 ) 
    Source Clock Delay      (SCD):    2.109ns
    Clock Pessimism Removal (CPR):    0.097ns
  Clock Uncertainty:      0.130ns  ((TSJ^2 + DJ^2)^1/2) / 2 + PE
    Total System Jitter     (TSJ):    0.071ns
    Discrete Jitter          (DJ):    0.250ns
    Phase Error              (PE):    0.000ns
  Clock Net Delay (Source):      1.901ns (routing 0.569ns, distribution 1.332ns)
  Clock Net Delay (Destination): 1.776ns (routing 0.512ns, distribution 1.264ns)

    Location             Delay type                Incr(ns)  Path(ns)    Netlist Resource(s)
  -------------------------------------------------------------------    -------------------
                         (clock clk_pl_0 rise edge)
                                                      0.000     0.000 r  
    PS8_X0Y0             PS8                          0.000     0.000 r  system_i/zynq_ultra_ps_e_0/inst/PS8_i/PLCLK[0]
                         net (fo=1, routed)           0.180     0.180    system_i/zynq_ultra_ps_e_0/inst/pl_clk_unbuffered[0]
    BUFG_PS_X0Y80        BUFG_PS (Prop_BUFG_PS_I_O)
                                                      0.028     0.208 r  system_i/zynq_ultra_ps_e_0/inst/buffer_pl_clk_0.PL_CLK_0_BUFG/O
    X1Y2 (CLOCK_ROOT)    net (fo=77016, routed)       1.901     2.109    system_i/harmonic_estimator_axi_0/inst/grp_harmonic_estimator_fu_497/grp_dense_resource_rf_leq_nin_ap_ufixed_ap_fixed_12_6_5_3_0_config7_s_fu_964/ap_clk
    SLICE_X71Y164        FDRE                                         r  system_i/harmonic_estimator_axi_0/inst/grp_harmonic_estimator_fu_497/grp_dense_resource_rf_leq_nin_ap_ufixed_ap_fixed_12_6_5_3_0_config7_s_fu_964/w_index1_reg_860_reg[2]/C
  -------------------------------------------------------------------    -------------------
    SLICE_X71Y164        FDRE (Prop_GFF2_SLICEM_C_Q)
                                                      0.079     2.188 r  system_i/harmonic_estimator_axi_0/inst/grp_harmonic_estimator_fu_497/grp_dense_resource_rf_leq_nin_ap_ufixed_ap_fixed_12_6_5_3_0_config7_s_fu_964/w_index1_reg_860_reg[2]/Q
                         net (fo=62, routed)          1.072     3.260    system_i/harmonic_estimator_axi_0/inst/grp_harmonic_estimator_fu_497/grp_dense_resource_rf_leq_nin_ap_ufixed_ap_fixed_12_6_5_3_0_config7_s_fu_964/mac_muladd_6s_7ns_17s_17_4_1_U368/harmonic_estimator_axi_mac_muladd_6s_7ns_17s_17_4_1_DSP48_3_U/Q[2]
    SLICE_X88Y147        MUXF8 (Prop_F8MUX_BOT_SLICEM_S_O)
                                                      0.074     3.334 r  system_i/harmonic_estimator_axi_0/inst/grp_harmonic_estimator_fu_497/grp_dense_resource_rf_leq_nin_ap_ufixed_ap_fixed_12_6_5_3_0_config7_s_fu_964/mac_muladd_6s_7ns_17s_17_4_1_U368/harmonic_estimator_axi_mac_muladd_6s_7ns_17s_17_4_1_DSP48_3_U/p_reg_reg_i_65/O
                         net (fo=1, routed)           0.508     3.842    system_i/harmonic_estimator_axi_0/inst/grp_harmonic_estimator_fu_497/grp_dense_resource_rf_leq_nin_ap_ufixed_ap_fixed_12_6_5_3_0_config7_s_fu_964/mac_muladd_6s_7ns_17s_17_4_1_U368/harmonic_estimator_axi_mac_muladd_6s_7ns_17s_17_4_1_DSP48_3_U/mux_646_7_1_1_U304/mux_3_2[3]
    SLICE_X76Y154        LUT6 (Prop_D6LUT_SLICEL_I1_O)
                                                      0.089     3.931 r  system_i/harmonic_estimator_axi_0/inst/grp_harmonic_estimator_fu_497/grp_dense_resource_rf_leq_nin_ap_ufixed_ap_fixed_12_6_5_3_0_config7_s_fu_964/mac_muladd_6s_7ns_17s_17_4_1_U368/harmonic_estimator_axi_mac_muladd_6s_7ns_17s_17_4_1_DSP48_3_U/p_reg_reg_i_32/O
                         net (fo=1, routed)           0.009     3.940    system_i/harmonic_estimator_axi_0/inst/grp_harmonic_estimator_fu_497/grp_dense_resource_rf_leq_nin_ap_ufixed_ap_fixed_12_6_5_3_0_config7_s_fu_964/mac_muladd_6s_7ns_17s_17_4_1_U368/harmonic_estimator_axi_mac_muladd_6s_7ns_17s_17_4_1_DSP48_3_U/mux_646_7_1_1_U304/mux_5_0[3]
    SLICE_X76Y154        MUXF7 (Prop_F7MUX_CD_SLICEL_I0_O)
                                                      0.063     4.003 r  system_i/harmonic_estimator_axi_0/inst/grp_harmonic_estimator_fu_497/grp_dense_resource_rf_leq_nin_ap_ufixed_ap_fixed_12_6_5_3_0_config7_s_fu_964/mac_muladd_6s_7ns_17s_17_4_1_U368/harmonic_estimator_axi_mac_muladd_6s_7ns_17s_17_4_1_DSP48_3_U/p_reg_reg_i_4/O
                         net (fo=64, routed)          4.694     8.697    system_i/harmonic_estimator_axi_0/inst/grp_harmonic_estimator_fu_497/grp_dense_resource_rf_leq_nin_ap_ufixed_ap_fixed_12_6_5_3_0_config7_s_fu_964/mac_muladd_7s_7ns_17s_17_4_1_U305/harmonic_estimator_axi_mac_muladd_7s_7ns_17s_17_4_1_DSP48_2_U/p_reg_reg/A[3]
    DSP48E2_X7Y134       DSP_A_B_DATA                                 r  system_i/harmonic_estimator_axi_0/inst/grp_harmonic_estimator_fu_497/grp_dense_resource_rf_leq_nin_ap_ufixed_ap_fixed_12_6_5_3_0_config7_s_fu_964/mac_muladd_7s_7ns_17s_17_4_1_U305/harmonic_estimator_axi_mac_muladd_7s_7ns_17s_17_4_1_DSP48_2_U/p_reg_reg/DSP_A_B_DATA_INST/A[3]
  -------------------------------------------------------------------    -------------------

                         (clock clk_pl_0 rise edge)
                                                     10.000    10.000 r  
    PS8_X0Y0             PS8                          0.000    10.000 r  system_i/zynq_ultra_ps_e_0/inst/PS8_i/PLCLK[0]
                         net (fo=1, routed)           0.143    10.143    system_i/zynq_ultra_ps_e_0/inst/pl_clk_unbuffered[0]
    BUFG_PS_X0Y80        BUFG_PS (Prop_BUFG_PS_I_O)
                                                      0.025    10.168 r  system_i/zynq_ultra_ps_e_0/inst/buffer_pl_clk_0.PL_CLK_0_BUFG/O
    X1Y2 (CLOCK_ROOT)    net (fo=77016, routed)       1.776    11.944    system_i/harmonic_estimator_axi_0/inst/grp_harmonic_estimator_fu_497/grp_dense_resource_rf_leq_nin_ap_ufixed_ap_fixed_12_6_5_3_0_config7_s_fu_964/mac_muladd_7s_7ns_17s_17_4_1_U305/harmonic_estimator_axi_mac_muladd_7s_7ns_17s_17_4_1_DSP48_2_U/p_reg_reg/CLK
    DSP48E2_X7Y134       DSP_A_B_DATA                                 r  system_i/harmonic_estimator_axi_0/inst/grp_harmonic_estimator_fu_497/grp_dense_resource_rf_leq_nin_ap_ufixed_ap_fixed_12_6_5_3_0_config7_s_fu_964/mac_muladd_7s_7ns_17s_17_4_1_U305/harmonic_estimator_axi_mac_muladd_7s_7ns_17s_17_4_1_DSP48_2_U/p_reg_reg/DSP_A_B_DATA_INST/CLK
                         clock pessimism              0.097    12.041    
                         clock uncertainty           -0.130    11.911    
    DSP48E2_X7Y134       DSP_A_B_DATA (Setup_DSP_A_B_DATA_DSP48E2_CLK_A[3])
                                                     -0.256    11.655    system_i/harmonic_estimator_axi_0/inst/grp_harmonic_estimator_fu_497/grp_dense_resource_rf_leq_nin_ap_ufixed_ap_fixed_12_6_5_3_0_config7_s_fu_964/mac_muladd_7s_7ns_17s_17_4_1_U305/harmonic_estimator_axi_mac_muladd_7s_7ns_17s_17_4_1_DSP48_2_U/p_reg_reg/DSP_A_B_DATA_INST
  -------------------------------------------------------------------
                         required time                         11.655    
                         arrival time                          -8.697    
  -------------------------------------------------------------------
                         slack                                  2.958    





Min Delay Paths
--------------------------------------------------------------------------------------
Slack (MET) :             0.009ns  (arrival time - required time)
  Source:                 system_i/mpcc_r_hls_0/inst/control_s_axi_U/int_Ts_reg[1]/C
                            (rising edge-triggered cell FDRE clocked by clk_pl_0  {rise@0.000ns fall@5.000ns period=10.000ns})
  Destination:            system_i/mpcc_r_hls_0/inst/Ts_read_reg_2221_reg[1]/D
                            (rising edge-triggered cell FDRE clocked by clk_pl_0  {rise@0.000ns fall@5.000ns period=10.000ns})
  Path Group:             clk_pl_0
  Path Type:              Hold (Min at Slow Process Corner)
  Requirement:            0.000ns  (clk_pl_0 rise@0.000ns - clk_pl_0 rise@0.000ns)
  Data Path Delay:        0.173ns  (logic 0.059ns (34.186%)  route 0.114ns (65.814%))
  Logic Levels:           0  
  Clock Path Skew:        0.101ns (DCD - SCD - CPR)
    Destination Clock Delay (DCD):    2.140ns
    Source Clock Delay      (SCD):    1.865ns
    Clock Pessimism Removal (CPR):    0.174ns
  Clock Net Delay (Source):      1.697ns (routing 0.512ns, distribution 1.185ns)
  Clock Net Delay (Destination): 1.932ns (routing 0.569ns, distribution 1.363ns)

    Location             Delay type                Incr(ns)  Path(ns)    Netlist Resource(s)
  -------------------------------------------------------------------    -------------------
                         (clock clk_pl_0 rise edge)
                                                      0.000     0.000 r  
    PS8_X0Y0             PS8                          0.000     0.000 r  system_i/zynq_ultra_ps_e_0/inst/PS8_i/PLCLK[0]
                         net (fo=1, routed)           0.143     0.143    system_i/zynq_ultra_ps_e_0/inst/pl_clk_unbuffered[0]
    BUFG_PS_X0Y80        BUFG_PS (Prop_BUFG_PS_I_O)
                                                      0.025     0.168 r  system_i/zynq_ultra_ps_e_0/inst/buffer_pl_clk_0.PL_CLK_0_BUFG/O
    X1Y2 (CLOCK_ROOT)    net (fo=77016, routed)       1.697     1.865    system_i/mpcc_r_hls_0/inst/control_s_axi_U/ap_clk
    SLICE_X80Y94         FDRE                                         r  system_i/mpcc_r_hls_0/inst/control_s_axi_U/int_Ts_reg[1]/C
  -------------------------------------------------------------------    -------------------
    SLICE_X80Y94         FDRE (Prop_DFF_SLICEL_C_Q)
                                                      0.059     1.924 r  system_i/mpcc_r_hls_0/inst/control_s_axi_U/int_Ts_reg[1]/Q
                         net (fo=4, routed)           0.114     2.037    system_i/mpcc_r_hls_0/inst/Ts[1]
    SLICE_X81Y93         FDRE                                         r  system_i/mpcc_r_hls_0/inst/Ts_read_reg_2221_reg[1]/D
  -------------------------------------------------------------------    -------------------

                         (clock clk_pl_0 rise edge)
                                                      0.000     0.000 r  
    PS8_X0Y0             PS8                          0.000     0.000 r  system_i/zynq_ultra_ps_e_0/inst/PS8_i/PLCLK[0]
                         net (fo=1, routed)           0.180     0.180    system_i/zynq_ultra_ps_e_0/inst/pl_clk_unbuffered[0]
    BUFG_PS_X0Y80        BUFG_PS (Prop_BUFG_PS_I_O)
                                                      0.028     0.208 r  system_i/zynq_ultra_ps_e_0/inst/buffer_pl_clk_0.PL_CLK_0_BUFG/O
    X1Y2 (CLOCK_ROOT)    net (fo=77016, routed)       1.932     2.140    system_i/mpcc_r_hls_0/inst/ap_clk
    SLICE_X81Y93         FDRE                                         r  system_i/mpcc_r_hls_0/inst/Ts_read_reg_2221_reg[1]/C
                         clock pessimism             -0.174     1.966    
    SLICE_X81Y93         FDRE (Hold_GFF2_SLICEM_C_D)
                                                      0.062     2.028    system_i/mpcc_r_hls_0/inst/Ts_read_reg_2221_reg[1]
  -------------------------------------------------------------------
                         required time                         -2.028    
                         arrival time                           2.037    
  -------------------------------------------------------------------
                         slack                                  0.009    





Pulse Width Checks
--------------------------------------------------------------------------------------
Clock Name:         clk_pl_0
Waveform(ns):       { 0.000 5.000 }
Period(ns):         10.000
Sources:            { system_i/zynq_ultra_ps_e_0/inst/PS8_i/PLCLK[0] }

Check Type        Corner  Lib Pin          Reference Pin  Required(ns)  Actual(ns)  Slack(ns)  Location  Pin
Min Period        n/a     PS8/MAXIGP0ACLK  n/a            3.000         10.000      7.000      PS8_X0Y0  system_i/zynq_ultra_ps_e_0/inst/PS8_i/MAXIGP0ACLK
Low Pulse Width   Slow    PS8/MAXIGP0ACLK  n/a            1.500         5.000       3.500      PS8_X0Y0  system_i/zynq_ultra_ps_e_0/inst/PS8_i/MAXIGP0ACLK
High Pulse Width  Slow    PS8/MAXIGP0ACLK  n/a            1.500         5.000       3.500      PS8_X0Y0  system_i/zynq_ultra_ps_e_0/inst/PS8_i/MAXIGP0ACLK



